
> new-hope@0.1.0 build
> next build

node.exe :  ΓÜá 
Warning: Next.js 
inferred your 
workspace root, but 
it may not be 
correct.
At line:1 char:1
+ & "C:\nvm4w\nodejs/
node.exe" "C:\nvm4w\n
odejs/node_modules/np
m/bin/np ...
+ ~~~~~~~~~~~~~~~~~~~
~~~~~~~~~~~~~~~~~~~~~
~~~~~~~~~~~~~~~~~~~~~
~~~~~~~~
    + CategoryInfo   
           : NotSpe  
  cified: ( ΓÜá Wa   
 rning: N...not b    
e correct.:Strin    
g) [], RemoteExc    
eption
    + FullyQualified 
   ErrorId : Native  
  CommandError
 
 We detected 
multiple lockfiles 
and selected the 
directory of C:\Users
\amiba\Projects\packa
ge-lock.json as the 
root directory.
 To silence this 
warning, set `outputF
ileTracingRoot` in 
your Next.js config, 
or consider removing 
one of the lockfiles 
if it's not needed.
   See https://nextjs
.org/docs/app/api-ref
erence/config/next-co
nfig-js/output#caveat
s for more 
information.
 Detected additional 
lockfiles: 
   * C:\Users\amiba\P
rojects\feed-reminder
-up\package-lock.json

   Γû▓ Next.js 15.5.9
   - Environments: .env

   Creating an optimized production build ...
Failed to compile.

./modules/home/ui/vie
ws/home-view.tsx
Module parse failed: 
Identifier 'farmerCon
sumptionMap' has 
already been 
declared (53:10)
File was processed 
with these loaders:
 * ./node_modules/nex
t/dist/build/webpack/
loaders/next-flight-c
lient-module-loader.j
s
 * ./node_modules/nex
t/dist/build/webpack/
loaders/next-swc-load
er.js
You may need an 
additional loader to 
handle the result of 
these loaders.
|     // Logic: 
Available = 
FarmerMainStock - 
(Sum of intakes for 
all active cycles of 
that farmer)
|     // Note: 
'cycles' is a flat 
list of cycles. We 
need to aggregate 
per farmer first to 
find their total 
consumption.
>     const 
farmerConsumptionMap 
= new Map();
|     
cycles.forEach((c)=>{
|         const 
current = farmerConsu
mptionMap.get(c.farme
rId) || 0;

Import trace for 
requested module:
./modules/home/ui/vie
ws/home-view.tsx


> Build failed 
because of webpack 
errors
