app/(dashboard)/(officer)/farmers/page.tsx(3,26): error TS2307: Cannot find module '@/components/loading-state' or its corresponding type declarations.
app/(dashboard)/(officer)/farmers/page.tsx(4,30): error TS2307: Cannot find module '@/components/responsive-dialog' or its corresponding type declarations.
app/(dashboard)/(officer)/farmers/page.tsx(5,23): error TS2307: Cannot find module '@/components/ui/badge' or its corresponding type declarations.
app/(dashboard)/(officer)/farmers/page.tsx(6,24): error TS2307: Cannot find module '@/components/ui/button' or its corresponding type declarations.
app/(dashboard)/(officer)/farmers/page.tsx(7,23): error TS2307: Cannot find module '@/components/ui/input' or its corresponding type declarations.
app/(dashboard)/(officer)/farmers/page.tsx(15,8): error TS2307: Cannot find module '@/components/ui/table' or its corresponding type declarations.
app/(dashboard)/(officer)/farmers/page.tsx(16,58): error TS2307: Cannot find module '@/components/ui/tabs' or its corresponding type declarations.
app/(dashboard)/(officer)/farmers/page.tsx(17,31): error TS2307: Cannot find module '@/hooks/use-current-org' or its corresponding type declarations.
app/(dashboard)/(officer)/farmers/page.tsx(18,30): error TS2307: Cannot find module '@/modules/cycles/ui/components/mainstock/add-feed-modal' or its corresponding type declarations.
app/(dashboard)/(officer)/farmers/page.tsx(19,33): error TS2307: Cannot find module '@/modules/cycles/ui/components/mainstock/bulk-import-modal' or its corresponding type declarations.
app/(dashboard)/(officer)/farmers/page.tsx(20,35): error TS2307: Cannot find module '@/modules/cycles/ui/components/mainstock/create-farmer-modal' or its corresponding type declarations.
app/(dashboard)/(officer)/farmers/page.tsx(21,36): error TS2307: Cannot find module '@/modules/cycles/ui/components/mainstock/transfer-stock-modal' or its corresponding type declarations.
app/(dashboard)/(officer)/farmers/page.tsx(22,37): error TS2307: Cannot find module '@/modules/farmers/ui/components/archive-farmer-dialog' or its corresponding type declarations.
app/(dashboard)/(officer)/farmers/page.tsx(23,37): error TS2307: Cannot find module '@/modules/farmers/ui/components/edit-farmer-name-modal' or its corresponding type declarations.
app/(dashboard)/(officer)/farmers/page.tsx(24,34): error TS2307: Cannot find module '@/modules/farmers/ui/components/mobile-farmer-card' or its corresponding type declarations.
app/(dashboard)/(officer)/farmers/page.tsx(25,25): error TS2307: Cannot find module '@/trpc/client' or its corresponding type declarations.
app/(dashboard)/(officer)/farmers/page.tsx(112,25): error TS17004: Cannot use JSX unless the '--jsx' flag is provided.
app/(dashboard)/(officer)/farmers/page.tsx(112,46): error TS17004: Cannot use JSX unless the '--jsx' flag is provided.
app/(dashboard)/(officer)/farmers/page.tsx(117,9): error TS17004: Cannot use JSX unless the '--jsx' flag is provided.
app/(dashboard)/(officer)/farmers/page.tsx(118,11): error TS17004: Cannot use JSX unless the '--jsx' flag is provided.
app/(dashboard)/(officer)/farmers/page.tsx(119,13): error TS17004: Cannot use JSX unless the '--jsx' flag is provided.
app/(dashboard)/(officer)/farmers/page.tsx(121,11): error TS17004: Cannot use JSX unless the '--jsx' flag is provided.
app/(dashboard)/(officer)/farmers/page.tsx(122,11): error TS17004: Cannot use JSX unless the '--jsx' flag is provided.
app/(dashboard)/(officer)/farmers/page.tsx(125,11): error TS17004: Cannot use JSX unless the '--jsx' flag is provided.
app/(dashboard)/(officer)/farmers/page.tsx(126,13): error TS17004: Cannot use JSX unless the '--jsx' flag is provided.
app/(dashboard)/(officer)/farmers/page.tsx(133,7): error TS17004: Cannot use JSX unless the '--jsx' flag is provided.
app/(dashboard)/(officer)/farmers/page.tsx(134,9): error TS17004: Cannot use JSX unless the '--jsx' flag is provided.
app/(dashboard)/(officer)/farmers/page.tsx(135,11): error TS17004: Cannot use JSX unless the '--jsx' flag is provided.
app/(dashboard)/(officer)/farmers/page.tsx(136,13): error TS17004: Cannot use JSX unless the '--jsx' flag is provided.
app/(dashboard)/(officer)/farmers/page.tsx(137,15): error TS17004: Cannot use JSX unless the '--jsx' flag is provided.
app/(dashboard)/(officer)/farmers/page.tsx(138,17): error TS17004: Cannot use JSX unless the '--jsx' flag is provided.
app/(dashboard)/(officer)/farmers/page.tsx(139,17): error TS17004: Cannot use JSX unless the '--jsx' flag is provided.
app/(dashboard)/(officer)/farmers/page.tsx(140,17): error TS17004: Cannot use JSX unless the '--jsx' flag is provided.
app/(dashboard)/(officer)/farmers/page.tsx(141,17): error TS17004: Cannot use JSX unless the '--jsx' flag is provided.
app/(dashboard)/(officer)/farmers/page.tsx(144,13): error TS17004: Cannot use JSX unless the '--jsx' flag is provided.
app/(dashboard)/(officer)/farmers/page.tsx(151,19): error TS17004: Cannot use JSX unless the '--jsx' flag is provided.
app/(dashboard)/(officer)/farmers/page.tsx(152,21): error TS17004: Cannot use JSX unless the '--jsx' flag is provided.
app/(dashboard)/(officer)/farmers/page.tsx(153,23): error TS17004: Cannot use JSX unless the '--jsx' flag is provided.
app/(dashboard)/(officer)/farmers/page.tsx(154,25): error TS17004: Cannot use JSX unless the '--jsx' flag is provided.
app/(dashboard)/(officer)/farmers/page.tsx(157,25): error TS17004: Cannot use JSX unless the '--jsx' flag is provided.
app/(dashboard)/(officer)/farmers/page.tsx(167,27): error TS17004: Cannot use JSX unless the '--jsx' flag is provided.
app/(dashboard)/(officer)/farmers/page.tsx(171,21): error TS17004: Cannot use JSX unless the '--jsx' flag is provided.
app/(dashboard)/(officer)/farmers/page.tsx(172,23): error TS17004: Cannot use JSX unless the '--jsx' flag is provided.
app/(dashboard)/(officer)/farmers/page.tsx(173,25): error TS17004: Cannot use JSX unless the '--jsx' flag is provided.
app/(dashboard)/(officer)/farmers/page.tsx(174,27): error TS17004: Cannot use JSX unless the '--jsx' flag is provided.
app/(dashboard)/(officer)/farmers/page.tsx(176,25): error TS17004: Cannot use JSX unless the '--jsx' flag is provided.
app/(dashboard)/(officer)/farmers/page.tsx(178,29): error TS17004: Cannot use JSX unless the '--jsx' flag is provided.
app/(dashboard)/(officer)/farmers/page.tsx(183,59): error TS17004: Cannot use JSX unless the '--jsx' flag is provided.
app/(dashboard)/(officer)/farmers/page.tsx(186,21): error TS17004: Cannot use JSX unless the '--jsx' flag is provided.
app/(dashboard)/(officer)/farmers/page.tsx(187,23): error TS17004: Cannot use JSX unless the '--jsx' flag is provided.
app/(dashboard)/(officer)/farmers/page.tsx(188,25): error TS17004: Cannot use JSX unless the '--jsx' flag is provided.
app/(dashboard)/(officer)/farmers/page.tsx(189,27): error TS17004: Cannot use JSX unless the '--jsx' flag is provided.
app/(dashboard)/(officer)/farmers/page.tsx(190,61): error TS17004: Cannot use JSX unless the '--jsx' flag is provided.
app/(dashboard)/(officer)/farmers/page.tsx(193,25): error TS17004: Cannot use JSX unless the '--jsx' flag is provided.
app/(dashboard)/(officer)/farmers/page.tsx(194,27): error TS17004: Cannot use JSX unless the '--jsx' flag is provided.
app/(dashboard)/(officer)/farmers/page.tsx(195,27): error TS17004: Cannot use JSX unless the '--jsx' flag is provided.
app/(dashboard)/(officer)/farmers/page.tsx(199,21): error TS17004: Cannot use JSX unless the '--jsx' flag is provided.
app/(dashboard)/(officer)/farmers/page.tsx(200,23): error TS17004: Cannot use JSX unless the '--jsx' flag is provided.
app/(dashboard)/(officer)/farmers/page.tsx(201,25): error TS17004: Cannot use JSX unless the '--jsx' flag is provided.
app/(dashboard)/(officer)/farmers/page.tsx(213,27): error TS17004: Cannot use JSX unless the '--jsx' flag is provided.
app/(dashboard)/(officer)/farmers/page.tsx(215,25): error TS17004: Cannot use JSX unless the '--jsx' flag is provided.
app/(dashboard)/(officer)/farmers/page.tsx(220,27): error TS17004: Cannot use JSX unless the '--jsx' flag is provided.
app/(dashboard)/(officer)/farmers/page.tsx(222,25): error TS17004: Cannot use JSX unless the '--jsx' flag is provided.
app/(dashboard)/(officer)/farmers/page.tsx(228,27): error TS17004: Cannot use JSX unless the '--jsx' flag is provided.
app/(dashboard)/(officer)/farmers/page.tsx(238,9): error TS17004: Cannot use JSX unless the '--jsx' flag is provided.
app/(dashboard)/(officer)/farmers/page.tsx(240,13): error TS17004: Cannot use JSX unless the '--jsx' flag is provided.
app/(dashboard)/(officer)/farmers/page.tsx(246,17): error TS17004: Cannot use JSX unless the '--jsx' flag is provided.
app/(dashboard)/(officer)/farmers/page.tsx(247,19): error TS17004: Cannot use JSX unless the '--jsx' flag is provided.
app/(dashboard)/(officer)/farmers/page.tsx(260,21): error TS17004: Cannot use JSX unless the '--jsx' flag is provided.
app/(dashboard)/(officer)/farmers/page.tsx(262,19): error TS17004: Cannot use JSX unless the '--jsx' flag is provided.
app/(dashboard)/(officer)/farmers/page.tsx(268,21): error TS17004: Cannot use JSX unless the '--jsx' flag is provided.
app/(dashboard)/(officer)/farmers/page.tsx(280,5): error TS17004: Cannot use JSX unless the '--jsx' flag is provided.
app/(dashboard)/(officer)/farmers/page.tsx(281,7): error TS17004: Cannot use JSX unless the '--jsx' flag is provided.
app/(dashboard)/(officer)/farmers/page.tsx(282,9): error TS17004: Cannot use JSX unless the '--jsx' flag is provided.
app/(dashboard)/(officer)/farmers/page.tsx(283,11): error TS17004: Cannot use JSX unless the '--jsx' flag is provided.
app/(dashboard)/(officer)/farmers/page.tsx(284,11): error TS17004: Cannot use JSX unless the '--jsx' flag is provided.
app/(dashboard)/(officer)/farmers/page.tsx(286,9): error TS17004: Cannot use JSX unless the '--jsx' flag is provided.
app/(dashboard)/(officer)/farmers/page.tsx(287,11): error TS17004: Cannot use JSX unless the '--jsx' flag is provided.
app/(dashboard)/(officer)/farmers/page.tsx(288,11): error TS17004: Cannot use JSX unless the '--jsx' flag is provided.
app/(dashboard)/(officer)/farmers/page.tsx(295,9): error TS17004: Cannot use JSX unless the '--jsx' flag is provided.
app/(dashboard)/(officer)/farmers/page.tsx(296,11): error TS17004: Cannot use JSX unless the '--jsx' flag is provided.
app/(dashboard)/(officer)/farmers/page.tsx(304,13): error TS17004: Cannot use JSX unless the '--jsx' flag is provided.
app/(dashboard)/(officer)/farmers/page.tsx(306,11): error TS17004: Cannot use JSX unless the '--jsx' flag is provided.
app/(dashboard)/(officer)/farmers/page.tsx(307,13): error TS17004: Cannot use JSX unless the '--jsx' flag is provided.
app/(dashboard)/(officer)/farmers/page.tsx(309,11): error TS17004: Cannot use JSX unless the '--jsx' flag is provided.
app/(dashboard)/(officer)/farmers/page.tsx(310,13): error TS17004: Cannot use JSX unless the '--jsx' flag is provided.
app/(dashboard)/(officer)/farmers/page.tsx(315,7): error TS17004: Cannot use JSX unless the '--jsx' flag is provided.
app/(dashboard)/(officer)/farmers/page.tsx(316,9): error TS17004: Cannot use JSX unless the '--jsx' flag is provided.
app/(dashboard)/(officer)/farmers/page.tsx(317,11): error TS17004: Cannot use JSX unless the '--jsx' flag is provided.
app/(dashboard)/(officer)/farmers/page.tsx(318,13): error TS17004: Cannot use JSX unless the '--jsx' flag is provided.
app/(dashboard)/(officer)/farmers/page.tsx(320,20): error TS2339: Property 'total' does not exist on type 'unknown'.
app/(dashboard)/(officer)/farmers/page.tsx(320,33): error TS17004: Cannot use JSX unless the '--jsx' flag is provided.
app/(dashboard)/(officer)/farmers/page.tsx(320,123): error TS2339: Property 'total' does not exist on type 'unknown'.
app/(dashboard)/(officer)/farmers/page.tsx(322,11): error TS17004: Cannot use JSX unless the '--jsx' flag is provided.
app/(dashboard)/(officer)/farmers/page.tsx(323,13): error TS17004: Cannot use JSX unless the '--jsx' flag is provided.
app/(dashboard)/(officer)/farmers/page.tsx(325,28): error TS2339: Property 'total' does not exist on type 'unknown'.
app/(dashboard)/(officer)/farmers/page.tsx(325,41): error TS17004: Cannot use JSX unless the '--jsx' flag is provided.
app/(dashboard)/(officer)/farmers/page.tsx(325,136): error TS2339: Property 'total' does not exist on type 'unknown'.
app/(dashboard)/(officer)/farmers/page.tsx(329,9): error TS17004: Cannot use JSX unless the '--jsx' flag is provided.
app/(dashboard)/(officer)/farmers/page.tsx(330,11): error TS17004: Cannot use JSX unless the '--jsx' flag is provided.
app/(dashboard)/(officer)/farmers/page.tsx(331,26): error TS2339: Property 'items' does not exist on type 'unknown'.
app/(dashboard)/(officer)/farmers/page.tsx(339,9): error TS17004: Cannot use JSX unless the '--jsx' flag is provided.
app/(dashboard)/(officer)/farmers/page.tsx(341,13): error TS17004: Cannot use JSX unless the '--jsx' flag is provided.
app/(dashboard)/(officer)/farmers/page.tsx(341,55): error TS17004: Cannot use JSX unless the '--jsx' flag is provided.
app/(dashboard)/(officer)/farmers/page.tsx(342,31): error TS2339: Property 'items' does not exist on type 'unknown'.
app/(dashboard)/(officer)/farmers/page.tsx(342,53): error TS2339: Property 'items' does not exist on type 'unknown'.
app/(dashboard)/(officer)/farmers/page.tsx(343,13): error TS17004: Cannot use JSX unless the '--jsx' flag is provided.
app/(dashboard)/(officer)/farmers/page.tsx(347,13): error TS17004: Cannot use JSX unless the '--jsx' flag is provided.
app/(dashboard)/(officer)/farmers/page.tsx(348,15): error TS17004: Cannot use JSX unless the '--jsx' flag is provided.
app/(dashboard)/(officer)/farmers/page.tsx(349,17): error TS17004: Cannot use JSX unless the '--jsx' flag is provided.
app/(dashboard)/(officer)/farmers/page.tsx(350,19): error TS17004: Cannot use JSX unless the '--jsx' flag is provided.
app/(dashboard)/(officer)/farmers/page.tsx(351,21): error TS17004: Cannot use JSX unless the '--jsx' flag is provided.
app/(dashboard)/(officer)/farmers/page.tsx(352,21): error TS17004: Cannot use JSX unless the '--jsx' flag is provided.
app/(dashboard)/(officer)/farmers/page.tsx(353,21): error TS17004: Cannot use JSX unless the '--jsx' flag is provided.
app/(dashboard)/(officer)/farmers/page.tsx(356,17): error TS17004: Cannot use JSX unless the '--jsx' flag is provided.
app/(dashboard)/(officer)/farmers/page.tsx(357,33): error TS2339: Property 'items' does not exist on type 'unknown'.
app/(dashboard)/(officer)/farmers/page.tsx(358,21): error TS17004: Cannot use JSX unless the '--jsx' flag is provided.
app/(dashboard)/(officer)/farmers/page.tsx(359,23): error TS17004: Cannot use JSX unless the '--jsx' flag is provided.
app/(dashboard)/(officer)/farmers/page.tsx(362,23): error TS17004: Cannot use JSX unless the '--jsx' flag is provided.
app/(dashboard)/(officer)/farmers/page.tsx(365,23): error TS17004: Cannot use JSX unless the '--jsx' flag is provided.
app/(dashboard)/(officer)/farmers/page.tsx(366,25): error TS17004: Cannot use JSX unless the '--jsx' flag is provided.
app/(dashboard)/(officer)/farmers/page.tsx(370,71): error TS2345: Argument of type '{ farmerId: any; orgId: any; }' is not assignable to parameter of type 'void'.
app/(dashboard)/(officer)/farmers/page.tsx(373,27): error TS17004: Cannot use JSX unless the '--jsx' flag is provided.
app/(dashboard)/(officer)/farmers/page.tsx(386,7): error TS17004: Cannot use JSX unless the '--jsx' flag is provided.
app/(dashboard)/(officer)/farmers/page.tsx(393,11): error TS17004: Cannot use JSX unless the '--jsx' flag is provided.
app/(dashboard)/(officer)/farmers/page.tsx(401,7): error TS17004: Cannot use JSX unless the '--jsx' flag is provided.
app/(dashboard)/(officer)/farmers/page.tsx(402,7): error TS17004: Cannot use JSX unless the '--jsx' flag is provided.
app/(dashboard)/(officer)/farmers/page.tsx(405,9): error TS17004: Cannot use JSX unless the '--jsx' flag is provided.
app/(dashboard)/(officer)/farmers/page.tsx(414,7): error TS17004: Cannot use JSX unless the '--jsx' flag is provided.
app/(dashboard)/(officer)/farmers/page.tsx(421,7): error TS17004: Cannot use JSX unless the '--jsx' flag is provided.
app/(dashboard)/(officer)/farmers/page.tsx(426,54): error TS2345: Argument of type '{ id: string; orgId: any; }' is not assignable to parameter of type 'void'.
node_modules/@tanstack/query-core/build/legacy/focusManager.d.ts(6,5): error TS18028: Private identifiers are only available when targeting ECMAScript 2015 and higher.
node_modules/@tanstack/query-core/build/legacy/hydration-BlEVG2Lp.d.ts(9,5): error TS18028: Private identifiers are only available when targeting ECMAScript 2015 and higher.
node_modules/@tanstack/query-core/build/legacy/hydration-BlEVG2Lp.d.ts(115,5): error TS18028: Private identifiers are only available when targeting ECMAScript 2015 and higher.
node_modules/@tanstack/query-core/build/legacy/hydration-BlEVG2Lp.d.ts(156,5): error TS18028: Private identifiers are only available when targeting ECMAScript 2015 and higher.
node_modules/@tanstack/query-core/build/legacy/hydration-BlEVG2Lp.d.ts(205,5): error TS18028: Private identifiers are only available when targeting ECMAScript 2015 and higher.
node_modules/@tanstack/query-core/build/legacy/hydration-BlEVG2Lp.d.ts(266,5): error TS18028: Private identifiers are only available when targeting ECMAScript 2015 and higher.
node_modules/@tanstack/query-core/build/legacy/hydration-BlEVG2Lp.d.ts(427,5): error TS18028: Private identifiers are only available when targeting ECMAScript 2015 and higher.
node_modules/@tanstack/query-core/build/legacy/hydration-BlEVG2Lp.d.ts(444,5): error TS18028: Private identifiers are only available when targeting ECMAScript 2015 and higher.
node_modules/@tanstack/query-core/build/legacy/onlineManager.d.ts(6,5): error TS18028: Private identifiers are only available when targeting ECMAScript 2015 and higher.
node_modules/@tanstack/query-core/build/legacy/queriesObserver.d.ts(11,5): error TS18028: Private identifiers are only available when targeting ECMAScript 2015 and higher.
node_modules/@tanstack/query-core/build/legacy/removable.d.ts(2,5): error TS18028: Private identifiers are only available when targeting ECMAScript 2015 and higher.
node_modules/@tanstack/query-core/build/legacy/timeoutManager.d.ts(41,5): error TS18028: Private identifiers are only available when targeting ECMAScript 2015 and higher.
node_modules/next/dist/client/link.d.ts(1,8): error TS1259: Module '"C:/Users/amiba/Projects/feed-reminder-up/node_modules/@types/react/index"' can only be default-imported using the 'esModuleInterop' flag
node_modules/sonner/dist/index.d.ts(1,8): error TS1259: Module '"C:/Users/amiba/Projects/feed-reminder-up/node_modules/@types/react/index"' can only be default-imported using the 'esModuleInterop' flag
